// Jest Snapshot v1, https://goo.gl/fbAQLP

exports[`Snapshot tests for main app component Main app renders correctly 1`] = `
Object {
  "asFragment": [Function],
  "baseElement": <body>
    <div>
      <div>
        <nav
          class="navbar navbar-expand navbar-dark bg-dark"
        >
          <img
            class="navImage rounded"
            src="hosLogo.png"
          />
          <div
            class="navbar-nav"
          >
            <a
              class="links m-2"
              href="#/login"
            >
              Login
            </a>
            <a
              class="links m-2"
              href="#/"
            >
              Appointments
            </a>
          </div>
        </nav>
        <div>
          <div
            class="card bg-light loginCard card"
          >
            <form>
              <h2
                class="text-center"
              >
                Login
              </h2>
              <h5
                class="text-center"
              />
              <div
                class="input-center"
              >
                <div
                  class="mb-2 ms-2 loginInputGroup input-group"
                >
                  <input
                    class="form-control"
                    name="email"
                    placeholder="email"
                    required=""
                    type="email"
                    value=""
                  />
                </div>
                <div
                  class="mb-2 ms-2 loginInputGroup input-group"
                >
                  <input
                    class="form-control"
                    name="password"
                    placeholder="password"
                    required=""
                    type="password"
                    value=""
                  />
                </div>
              </div>
              <button
                class="mb-2 login-button btn btn-primary"
                type="submit"
              >
                Login
              </button>
              <a
                class="float-right"
                href="#/register"
              >
                Register page
              </a>
            </form>
          </div>
        </div>
      </div>
    </div>
  </body>,
  "container": <div>
    <div>
      <nav
        class="navbar navbar-expand navbar-dark bg-dark"
      >
        <img
          class="navImage rounded"
          src="hosLogo.png"
        />
        <div
          class="navbar-nav"
        >
          <a
            class="links m-2"
            href="#/login"
          >
            Login
          </a>
          <a
            class="links m-2"
            href="#/"
          >
            Appointments
          </a>
        </div>
      </nav>
      <div>
        <div
          class="card bg-light loginCard card"
        >
          <form>
            <h2
              class="text-center"
            >
              Login
            </h2>
            <h5
              class="text-center"
            />
            <div
              class="input-center"
            >
              <div
                class="mb-2 ms-2 loginInputGroup input-group"
              >
                <input
                  class="form-control"
                  name="email"
                  placeholder="email"
                  required=""
                  type="email"
                  value=""
                />
              </div>
              <div
                class="mb-2 ms-2 loginInputGroup input-group"
              >
                <input
                  class="form-control"
                  name="password"
                  placeholder="password"
                  required=""
                  type="password"
                  value=""
                />
              </div>
            </div>
            <button
              class="mb-2 login-button btn btn-primary"
              type="submit"
            >
              Login
            </button>
            <a
              class="float-right"
              href="#/register"
            >
              Register page
            </a>
          </form>
        </div>
      </div>
    </div>
  </div>,
  "debug": [Function],
  "findAllByAltText": [Function],
  "findAllByDisplayValue": [Function],
  "findAllByLabelText": [Function],
  "findAllByPlaceholderText": [Function],
  "findAllByRole": [Function],
  "findAllByTestId": [Function],
  "findAllByText": [Function],
  "findAllByTitle": [Function],
  "findByAltText": [Function],
  "findByDisplayValue": [Function],
  "findByLabelText": [Function],
  "findByPlaceholderText": [Function],
  "findByRole": [Function],
  "findByTestId": [Function],
  "findByText": [Function],
  "findByTitle": [Function],
  "getAllByAltText": [Function],
  "getAllByDisplayValue": [Function],
  "getAllByLabelText": [Function],
  "getAllByPlaceholderText": [Function],
  "getAllByRole": [Function],
  "getAllByTestId": [Function],
  "getAllByText": [Function],
  "getAllByTitle": [Function],
  "getByAltText": [Function],
  "getByDisplayValue": [Function],
  "getByLabelText": [Function],
  "getByPlaceholderText": [Function],
  "getByRole": [Function],
  "getByTestId": [Function],
  "getByText": [Function],
  "getByTitle": [Function],
  "queryAllByAltText": [Function],
  "queryAllByDisplayValue": [Function],
  "queryAllByLabelText": [Function],
  "queryAllByPlaceholderText": [Function],
  "queryAllByRole": [Function],
  "queryAllByTestId": [Function],
  "queryAllByText": [Function],
  "queryAllByTitle": [Function],
  "queryByAltText": [Function],
  "queryByDisplayValue": [Function],
  "queryByLabelText": [Function],
  "queryByPlaceholderText": [Function],
  "queryByRole": [Function],
  "queryByTestId": [Function],
  "queryByText": [Function],
  "queryByTitle": [Function],
  "rerender": [Function],
  "unmount": [Function],
}
`;
